// Jest Snapshot v1, https://goo.gl/fbAQLP

exports[`should render expense list properly 1`] = `
<div>
  <ExpenseListItem
    data={
      Object {
        "amount": 500,
        "createdAt": 0,
        "description": "bill",
        "id": "1",
        "note": "",
      }
    }
    key="1"
  />
  <ExpenseListItem
    data={
      Object {
        "amount": 50000,
        "createdAt": -345600000,
        "description": "rent",
        "id": "2",
        "note": "",
      }
    }
    key="2"
  />
  <ExpenseListItem
    data={
      Object {
        "amount": 5000,
        "createdAt": 345600000,
        "description": "credit",
        "id": "3",
        "note": "",
      }
    }
    key="3"
  />
</div>
`;

exports[`should render expense list with empty message 1`] = `
<div>
  <p>
    No expenses
  </p>
</div>
`;
